// Jest Snapshot v1, https://goo.gl/fbAQLP

exports[`<Banner /> initialises to correct defaults 1`] = `
<div>
  <aside
    class="custom-banner custom-banner-type-success opacity-100 scale-y-100"
    data-testid="banner-component"
  >
    <span
      class="icon"
      data-testid="banner-icon"
    >
      ✓
    </span>
    <div />
    <span
      class="dismiss"
      data-testid="dismiss-button"
    >
      ✕
    </span>
  </aside>
</div>
`;
