// Jest Snapshot v1, https://goo.gl/fbAQLP

exports[`<Toast /> initialises to correct defaults 1`] = `
<div>
  <aside
    class="custom-toast custom-toast-type-success opacity-100"
    data-testid="toast-component"
  >
    <span
      class="icon"
      data-testid="toast-icon"
    >
      ✓
    </span>
    <div />
    <span
      class="dismiss"
      data-testid="dismiss-button"
    >
      ✕
    </span>
  </aside>
</div>
`;
